// Vitest Snapshot v1, https://vitest.dev/guide/snapshot.html

exports[`#commit() > should match snapshot 1`] = `
{
  "file-0.txt": {
    "contents": "foo",
    "stateCleared": "modified",
  },
  "file-1.txt": {
    "contents": "foo",
    "stateCleared": "modified",
  },
  "file-10.txt": {
    "contents": "foo",
    "stateCleared": "modified",
  },
  "file-11.txt": {
    "contents": "foo",
    "stateCleared": "modified",
  },
  "file-12.txt": {
    "contents": "foo",
    "stateCleared": "modified",
  },
  "file-13.txt": {
    "contents": "foo",
    "stateCleared": "modified",
  },
  "file-14.txt": {
    "contents": "foo",
    "stateCleared": "modified",
  },
  "file-15.txt": {
    "contents": "foo",
    "stateCleared": "modified",
  },
  "file-16.txt": {
    "contents": "foo",
    "stateCleared": "modified",
  },
  "file-17.txt": {
    "contents": "foo",
    "stateCleared": "modified",
  },
  "file-18.txt": {
    "contents": "foo",
    "stateCleared": "modified",
  },
  "file-19.txt": {
    "contents": "foo",
    "stateCleared": "modified",
  },
  "file-2.txt": {
    "contents": "foo",
    "stateCleared": "modified",
  },
  "file-20.txt": {
    "contents": "foo",
    "stateCleared": "modified",
  },
  "file-21.txt": {
    "contents": "foo",
    "stateCleared": "modified",
  },
  "file-22.txt": {
    "contents": "foo",
    "stateCleared": "modified",
  },
  "file-23.txt": {
    "contents": "foo",
    "stateCleared": "modified",
  },
  "file-24.txt": {
    "contents": "foo",
    "stateCleared": "modified",
  },
  "file-25.txt": {
    "contents": "foo",
    "stateCleared": "modified",
  },
  "file-26.txt": {
    "contents": "foo",
    "stateCleared": "modified",
  },
  "file-27.txt": {
    "contents": "foo",
    "stateCleared": "modified",
  },
  "file-28.txt": {
    "contents": "foo",
    "stateCleared": "modified",
  },
  "file-29.txt": {
    "contents": "foo",
    "stateCleared": "modified",
  },
  "file-3.txt": {
    "contents": "foo",
    "stateCleared": "modified",
  },
  "file-30.txt": {
    "contents": "foo",
    "stateCleared": "modified",
  },
  "file-31.txt": {
    "contents": "foo",
    "stateCleared": "modified",
  },
  "file-32.txt": {
    "contents": "foo",
    "stateCleared": "modified",
  },
  "file-33.txt": {
    "contents": "foo",
    "stateCleared": "modified",
  },
  "file-34.txt": {
    "contents": "foo",
    "stateCleared": "modified",
  },
  "file-35.txt": {
    "contents": "foo",
    "stateCleared": "modified",
  },
  "file-36.txt": {
    "contents": "foo",
    "stateCleared": "modified",
  },
  "file-37.txt": {
    "contents": "foo",
    "stateCleared": "modified",
  },
  "file-38.txt": {
    "contents": "foo",
    "stateCleared": "modified",
  },
  "file-39.txt": {
    "contents": "foo",
    "stateCleared": "modified",
  },
  "file-4.txt": {
    "contents": "foo",
    "stateCleared": "modified",
  },
  "file-40.txt": {
    "contents": "foo",
    "stateCleared": "modified",
  },
  "file-41.txt": {
    "contents": "foo",
    "stateCleared": "modified",
  },
  "file-42.txt": {
    "contents": "foo",
    "stateCleared": "modified",
  },
  "file-43.txt": {
    "contents": "foo",
    "stateCleared": "modified",
  },
  "file-44.txt": {
    "contents": "foo",
    "stateCleared": "modified",
  },
  "file-45.txt": {
    "contents": "foo",
    "stateCleared": "modified",
  },
  "file-46.txt": {
    "contents": "foo",
    "stateCleared": "modified",
  },
  "file-47.txt": {
    "contents": "foo",
    "stateCleared": "modified",
  },
  "file-48.txt": {
    "contents": "foo",
    "stateCleared": "modified",
  },
  "file-49.txt": {
    "contents": "foo",
    "stateCleared": "modified",
  },
  "file-5.txt": {
    "contents": "foo",
    "stateCleared": "modified",
  },
  "file-50.txt": {
    "contents": "foo",
    "stateCleared": "modified",
  },
  "file-51.txt": {
    "contents": "foo",
    "stateCleared": "modified",
  },
  "file-52.txt": {
    "contents": "foo",
    "stateCleared": "modified",
  },
  "file-53.txt": {
    "contents": "foo",
    "stateCleared": "modified",
  },
  "file-54.txt": {
    "contents": "foo",
    "stateCleared": "modified",
  },
  "file-55.txt": {
    "contents": "foo",
    "stateCleared": "modified",
  },
  "file-56.txt": {
    "contents": "foo",
    "stateCleared": "modified",
  },
  "file-57.txt": {
    "contents": "foo",
    "stateCleared": "modified",
  },
  "file-58.txt": {
    "contents": "foo",
    "stateCleared": "modified",
  },
  "file-59.txt": {
    "contents": "foo",
    "stateCleared": "modified",
  },
  "file-6.txt": {
    "contents": "foo",
    "stateCleared": "modified",
  },
  "file-60.txt": {
    "contents": "foo",
    "stateCleared": "modified",
  },
  "file-61.txt": {
    "contents": "foo",
    "stateCleared": "modified",
  },
  "file-62.txt": {
    "contents": "foo",
    "stateCleared": "modified",
  },
  "file-63.txt": {
    "contents": "foo",
    "stateCleared": "modified",
  },
  "file-64.txt": {
    "contents": "foo",
    "stateCleared": "modified",
  },
  "file-65.txt": {
    "contents": "foo",
    "stateCleared": "modified",
  },
  "file-66.txt": {
    "contents": "foo",
    "stateCleared": "modified",
  },
  "file-67.txt": {
    "contents": "foo",
    "stateCleared": "modified",
  },
  "file-68.txt": {
    "contents": "foo",
    "stateCleared": "modified",
  },
  "file-69.txt": {
    "contents": "foo",
    "stateCleared": "modified",
  },
  "file-7.txt": {
    "contents": "foo",
    "stateCleared": "modified",
  },
  "file-70.txt": {
    "contents": "foo",
    "stateCleared": "modified",
  },
  "file-71.txt": {
    "contents": "foo",
    "stateCleared": "modified",
  },
  "file-72.txt": {
    "contents": "foo",
    "stateCleared": "modified",
  },
  "file-73.txt": {
    "contents": "foo",
    "stateCleared": "modified",
  },
  "file-74.txt": {
    "contents": "foo",
    "stateCleared": "modified",
  },
  "file-75.txt": {
    "contents": "foo",
    "stateCleared": "modified",
  },
  "file-76.txt": {
    "contents": "foo",
    "stateCleared": "modified",
  },
  "file-77.txt": {
    "contents": "foo",
    "stateCleared": "modified",
  },
  "file-78.txt": {
    "contents": "foo",
    "stateCleared": "modified",
  },
  "file-79.txt": {
    "contents": "foo",
    "stateCleared": "modified",
  },
  "file-8.txt": {
    "contents": "foo",
    "stateCleared": "modified",
  },
  "file-80.txt": {
    "contents": "foo",
    "stateCleared": "modified",
  },
  "file-81.txt": {
    "contents": "foo",
    "stateCleared": "modified",
  },
  "file-82.txt": {
    "contents": "foo",
    "stateCleared": "modified",
  },
  "file-83.txt": {
    "contents": "foo",
    "stateCleared": "modified",
  },
  "file-84.txt": {
    "contents": "foo",
    "stateCleared": "modified",
  },
  "file-85.txt": {
    "contents": "foo",
    "stateCleared": "modified",
  },
  "file-86.txt": {
    "contents": "foo",
    "stateCleared": "modified",
  },
  "file-87.txt": {
    "contents": "foo",
    "stateCleared": "modified",
  },
  "file-88.txt": {
    "contents": "foo",
    "stateCleared": "modified",
  },
  "file-89.txt": {
    "contents": "foo",
    "stateCleared": "modified",
  },
  "file-9.txt": {
    "contents": "foo",
    "stateCleared": "modified",
  },
  "file-90.txt": {
    "contents": "foo",
    "stateCleared": "modified",
  },
  "file-91.txt": {
    "contents": "foo",
    "stateCleared": "modified",
  },
  "file-92.txt": {
    "contents": "foo",
    "stateCleared": "modified",
  },
  "file-93.txt": {
    "contents": "foo",
    "stateCleared": "modified",
  },
  "file-94.txt": {
    "contents": "foo",
    "stateCleared": "modified",
  },
  "file-95.txt": {
    "contents": "foo",
    "stateCleared": "modified",
  },
  "file-96.txt": {
    "contents": "foo",
    "stateCleared": "modified",
  },
  "file-97.txt": {
    "contents": "foo",
    "stateCleared": "modified",
  },
  "file-98.txt": {
    "contents": "foo",
    "stateCleared": "modified",
  },
  "file-99.txt": {
    "contents": "foo",
    "stateCleared": "modified",
  },
}
`;

exports[`#copy() and #commit() > should match snapshot 1`] = `
{
  "[file].txt": {
    "contents": "foo
",
    "stateCleared": "modified",
  },
  "ejs/file-ejs-extension.txt.ejs": {
    "contents": "",
    "stateCleared": "modified",
  },
  "file-(specia!-char$).txt": {
    "contents": "special
",
    "stateCleared": "modified",
  },
  "file-a.txt": {
    "contents": "foo
",
    "stateCleared": "modified",
  },
  "file-binary.bin": {
    "contents": "     ï¿½  \`FFTMf/ï¿½W<%= name %>",
    "stateCleared": "modified",
  },
  "file-binary.jpg": {
    "contents": "     ï¿½  \`FFTMf/ï¿½W<%= name %>",
    "stateCleared": "modified",
  },
  "file-circular.txt": {
    "contents": "<%= this.a.name %> <%= this.a.b.a.name %>
",
    "stateCleared": "modified",
  },
  "file-tpl-custom-delimiter.txt": {
    "contents": "<?= name ?>
",
    "stateCleared": "modified",
  },
  "file-tpl-include.txt": {
    "contents": "<%- include('file-tpl-partial.txt') %>
",
    "stateCleared": "modified",
  },
  "file-tpl-partial.txt": {
    "contents": "partial
",
    "stateCleared": "modified",
  },
  "file-tpl.txt": {
    "contents": "<%= name %>
",
    "stateCleared": "modified",
  },
  "file.json": {
    "contents": "{
  \\"foo\\": \\"bar\\"
}
",
    "stateCleared": "modified",
  },
  "nested/file.txt": {
    "contents": "nested
",
    "stateCleared": "modified",
  },
}
`;

exports[`#copyTpl() and #commit() > should match snapshot 1`] = `
{
  "[file].txt": {
    "contents": "foo
",
    "stateCleared": "modified",
  },
  "ejs/file-ejs-extension.txt": {
    "contents": "",
    "stateCleared": "modified",
  },
  "file-(specia!-char$).txt": {
    "contents": "special
",
    "stateCleared": "modified",
  },
  "file-a.txt": {
    "contents": "foo
",
    "stateCleared": "modified",
  },
  "file-binary.bin": {
    "contents": "     ï¿½  \`FFTMf/ï¿½W<%= name %>",
    "stateCleared": "modified",
  },
  "file-binary.jpg": {
    "contents": "     ï¿½  \`FFTMf/ï¿½W<%= name %>",
    "stateCleared": "modified",
  },
  "file-circular.txt": {
    "contents": "foo foo
",
    "stateCleared": "modified",
  },
  "file-tpl-custom-delimiter.txt": {
    "contents": "<?= name ?>
",
    "stateCleared": "modified",
  },
  "file-tpl-include.txt": {
    "contents": "partial

",
    "stateCleared": "modified",
  },
  "file-tpl-partial.txt": {
    "contents": "partial
",
    "stateCleared": "modified",
  },
  "file-tpl.txt": {
    "contents": "bar
",
    "stateCleared": "modified",
  },
  "file.json": {
    "contents": "{
  \\"foo\\": \\"bar\\"
}
",
    "stateCleared": "modified",
  },
  "nested/file.txt": {
    "contents": "nested
",
    "stateCleared": "modified",
  },
}
`;
